{
  "fraud_probability": 0,
  "is_fraud": false,
  "product_id": 114,
  "risk_level": "",
  "seller_id": 2,
  "timestamp": "2026-03-10T18:06:10+08:00"
}
{
  "fraud_probability": 0,
  "is_fraud": false,
  "product_id": 115,
  "risk_level": "",
  "seller_id": 2,
  "timestamp": "2026-03-10T18:07:44+08:00"
}
{
  "fraud_probability": 0,
  "is_fraud": false,
  "product_id": 116,
  "risk_level": "",
  "seller_id": 2,
  "timestamp": "2026-03-10T18:40:50+08:00"
}
{
  "fraud_probability": 0,
  "is_fraud": false,
  "product_id": 117,
  "risk_level": "",
  "seller_id": 2,
  "timestamp": "2026-03-10T19:04:40+08:00"
}
{
  "fraud_probability": 0,
  "is_fraud": false,
  "product_id": 119,
  "risk_level": "",
  "seller_id": 41,
  "timestamp": "2026-03-12T15:10:20+08:00"
}
{
  "fraud_probability": 0,
  "is_fraud": false,
  "product_id": 120,
  "risk_level": "",
  "seller_id": 41,
  "timestamp": "2026-03-16T13:27:33+08:00"
}
{
  "fraud_probability": 0,
  "is_fraud": false,
  "product_id": 121,
  "risk_level": "",
  "seller_id": 4,
  "timestamp": "2026-03-16T13:36:57+08:00"
}
{
  "fraud_probability": 0,
  "is_fraud": false,
  "product_id": 122,
  "risk_level": "",
  "seller_id": 2,
  "timestamp": "2026-03-16T13:40:52+08:00"
}
{
  "fraud_probability": 0,
  "is_fraud": false,
  "product_id": 123,
  "risk_level": "",
  "seller_id": 4,
  "timestamp": "2026-03-16T14:03:34+08:00"
}
{
  "fraud_probability": 0,
  "is_fraud": false,
  "product_id": 127,
  "risk_level": "",
  "seller_id": 20,
  "timestamp": "2026-03-17T16:02:08+08:00"
}
{
  "fraud_probability": 0,
  "is_fraud": false,
  "product_id": 130,
  "risk_level": "",
  "seller_id": 51,
  "timestamp": "2026-03-17T16:48:11+08:00"
}
{
  "fraud_probability": 0,
  "is_fraud": false,
  "product_id": 244,
  "risk_level": "",
  "seller_id": 22,
  "timestamp": "2026-03-17T22:04:00+08:00"
}
{
  "fraud_probability": 0,
  "is_fraud": false,
  "product_id": 137,
  "risk_level": "",
  "seller_id": 55,
  "timestamp": "2026-03-23T14:28:35+08:00"
}
{
  "fraud_probability": 0,
  "is_fraud": false,
  "product_id": 138,
  "risk_level": "",
  "seller_id": 55,
  "timestamp": "2026-03-23T14:29:16+08:00"
}
{
  "fraud_probability": 0,
  "is_fraud": false,
  "product_id": 151,
  "risk_level": "",
  "seller_id": 52,
  "timestamp": "2026-03-24T05:38:20+08:00"
}
{
  "fraud_probability": 0,
  "is_fraud": false,
  "product_id": 152,
  "risk_level": "",
  "seller_id": 55,
  "timestamp": "2026-03-24T17:09:12+08:00"
}
{
  "fraud_probability": 0,
  "is_fraud": false,
  "product_id": 145,
  "risk_level": "",
  "seller_id": 41,
  "timestamp": "2026-03-24T21:14:51+08:00"
}
{
  "fraud_probability": 0,
  "is_fraud": false,
  "product_id": 150,
  "risk_level": "",
  "seller_id": 41,
  "timestamp": "2026-03-25T00:01:36+08:00"
}
{
  "fraud_probability": 0,
  "is_fraud": false,
  "product_id": 160,
  "risk_level": "",
  "seller_id": 4,
  "timestamp": "2026-03-29T01:50:45+08:00"
}
{
  "fraud_probability": 0,
  "is_fraud": false,
  "product_id": 161,
  "risk_level": "",
  "seller_id": 60,
  "timestamp": "2026-03-29T02:09:44+08:00"
}
{
  "fraud_probability": 0,
  "is_fraud": false,
  "product_id": 245,
  "risk_level": "",
  "seller_id": 13,
  "timestamp": "2026-04-04T18:06:25+08:00"
}
{
  "fraud_probability": 0,
  "is_fraud": false,
  "product_id": 246,
  "risk_level": "",
  "seller_id": 13,
  "timestamp": "2026-04-04T18:38:48+08:00"
}
{
  "fraud_probability": 0,
  "is_fraud": false,
  "product_id": 200,
  "risk_level": "",
  "seller_id": 55,
  "timestamp": "2026-04-04T16:20:14+08:00"
}
{
  "fraud_probability": 0,
  "is_fraud": false,
  "product_id": 218,
  "risk_level": "",
  "seller_id": 58,
  "timestamp": "2026-04-05T21:39:21+08:00"
}
{
  "fraud_probability": 0,
  "is_fraud": false,
  "product_id": 220,
  "risk_level": "",
  "seller_id": 4,
  "timestamp": "2026-04-06T19:19:52+08:00"
}
{
  "fraud_probability": 0,
  "is_fraud": false,
  "product_id": 232,
  "risk_level": "",
  "seller_id": 41,
  "timestamp": "2026-04-07T01:32:29+08:00"
}
{
  "fraud_probability": 0,
  "is_fraud": false,
  "product_id": 235,
  "risk_level": "",
  "seller_id": 4,
  "timestamp": "2026-04-07T01:42:04+08:00"
}
{
  "fraud_probability": 0,
  "is_fraud": false,
  "product_id": 236,
  "risk_level": "",
  "seller_id": 55,
  "timestamp": "2026-04-07T01:42:06+08:00"
}
{
  "fraud_probability": 0,
  "is_fraud": false,
  "product_id": 240,
  "risk_level": "",
  "seller_id": 4,
  "timestamp": "2026-04-07T10:40:59+08:00"
}
{
  "fraud_probability": 0,
  "is_fraud": false,
  "product_id": 247,
  "risk_level": "",
  "seller_id": 2,
  "timestamp": "2026-04-08T03:05:50+08:00"
}
{
  "fraud_probability": 0,
  "is_fraud": false,
  "product_id": 248,
  "risk_level": "",
  "seller_id": 41,
  "timestamp": "2026-04-08T03:07:09+08:00"
}
{
  "fraud_probability": 0,
  "is_fraud": false,
  "product_id": 252,
  "risk_level": "",
  "seller_id": 4,
  "timestamp": "2026-04-08T10:43:18+08:00"
}
{
  "fraud_probability": 0,
  "is_fraud": false,
  "product_id": 253,
  "risk_level": "",
  "seller_id": 55,
  "timestamp": "2026-04-09T07:56:51-04:00"
}
{
  "fraud_probability": 0,
  "is_fraud": false,
  "product_id": 270,
  "risk_level": "",
  "seller_id": 55,
  "timestamp": "2026-04-13T15:27:44-04:00"
}
{
  "fraud_probability": 0,
  "is_fraud": false,
  "product_id": 280,
  "risk_level": "",
  "seller_id": 4,
  "timestamp": "2026-04-16T22:31:05+08:00"
}
{
  "fraud_probability": 0,
  "is_fraud": false,
  "product_id": 282,
  "risk_level": "",
  "seller_id": 4,
  "timestamp": "2026-04-16T22:37:46+08:00"
}
{
  "fraud_probability": 0,
  "is_fraud": false,
  "product_id": 285,
  "risk_level": "",
  "seller_id": 4,
  "timestamp": "2026-04-17T00:51:34+08:00"
}
{
  "fraud_probability": 0,
  "is_fraud": false,
  "product_id": 286,
  "risk_level": "",
  "seller_id": 52,
  "timestamp": "2026-04-16T14:23:52-04:00"
}
{
  "fraud_probability": 0,
  "is_fraud": false,
  "product_id": 287,
  "risk_level": "",
  "seller_id": 52,
  "timestamp": "2026-04-16T14:32:05-04:00"
}
{
  "fraud_probability": 0,
  "is_fraud": false,
  "product_id": 288,
  "risk_level": "",
  "seller_id": 52,
  "timestamp": "2026-04-16T14:38:45-04:00"
}
{
  "fraud_probability": 0,
  "is_fraud": false,
  "product_id": 289,
  "risk_level": "",
  "seller_id": 52,
  "timestamp": "2026-04-16T14:43:51-04:00"
}
{
  "fraud_probability": 0,
  "is_fraud": false,
  "product_id": 290,
  "risk_level": "",
  "seller_id": 52,
  "timestamp": "2026-04-16T15:00:54-04:00"
}
{
  "fraud_probability": 0,
  "is_fraud": false,
  "product_id": 291,
  "risk_level": "",
  "seller_id": 4,
  "timestamp": "2026-04-17T05:17:42-04:00"
}
{
  "fraud_probability": 0,
  "is_fraud": false,
  "product_id": 292,
  "risk_level": "",
  "seller_id": 63,
  "timestamp": "2026-04-17T05:24:33-04:00"
}
{
  "fraud_probability": 0,
  "is_fraud": false,
  "product_id": 293,
  "risk_level": "",
  "seller_id": 63,
  "timestamp": "2026-04-17T05:49:57-04:00"
}
{
  "fraud_probability": 0,
  "is_fraud": false,
  "product_id": 294,
  "risk_level": "",
  "seller_id": 63,
  "timestamp": "2026-04-17T05:50:57-04:00"
}
{
  "fraud_probability": 0,
  "is_fraud": false,
  "product_id": 295,
  "risk_level": "",
  "seller_id": 63,
  "timestamp": "2026-04-17T06:01:15-04:00"
}
{
  "fraud_probability": 0,
  "is_fraud": false,
  "product_id": 296,
  "risk_level": "",
  "seller_id": 63,
  "timestamp": "2026-04-17T07:13:34-04:00"
}
{
  "fraud_probability": 0,
  "is_fraud": false,
  "product_id": 297,
  "risk_level": "",
  "seller_id": 58,
  "timestamp": "2026-04-18T01:17:31+08:00"
}
{
  "fraud_probability": 0,
  "is_fraud": false,
  "product_id": 298,
  "risk_level": "",
  "seller_id": 58,
  "timestamp": "2026-04-18T01:29:37+08:00"
}
{
  "fraud_probability": 0,
  "is_fraud": false,
  "product_id": 302,
  "risk_level": "",
  "seller_id": 52,
  "timestamp": "2026-04-18T11:24:14-04:00"
}
{
  "fraud_probability": 0,
  "is_fraud": false,
  "product_id": 303,
  "risk_level": "",
  "seller_id": 52,
  "timestamp": "2026-04-18T13:29:17-04:00"
}
{
  "fraud_probability": 0,
  "is_fraud": false,
  "product_id": 304,
  "risk_level": "",
  "seller_id": 52,
  "timestamp": "2026-04-18T13:31:52-04:00"
}
{
  "fraud_probability": 0,
  "is_fraud": false,
  "product_id": 305,
  "risk_level": "",
  "seller_id": 52,
  "timestamp": "2026-04-18T13:34:27-04:00"
}
{
  "fraud_probability": 0,
  "is_fraud": false,
  "product_id": 306,
  "risk_level": "",
  "seller_id": 52,
  "timestamp": "2026-04-18T13:35:08-04:00"
}
{
  "fraud_probability": 0,
  "is_fraud": false,
  "product_id": 307,
  "risk_level": "",
  "seller_id": 52,
  "timestamp": "2026-04-18T15:45:40-04:00"
}
{
  "fraud_probability": 0,
  "is_fraud": false,
  "product_id": 320,
  "risk_level": "",
  "seller_id": 41,
  "timestamp": "2026-04-19T15:42:19+08:00"
}
{
  "fraud_probability": 0,
  "is_fraud": false,
  "product_id": 325,
  "risk_level": "",
  "seller_id": 3391,
  "timestamp": "2026-04-19T17:02:47+08:00"
}
{
  "fraud_probability": 0,
  "is_fraud": false,
  "product_id": 328,
  "risk_level": "",
  "seller_id": 41,
  "timestamp": "2026-04-19T17:20:34+08:00"
}
{
  "fraud_probability": 0,
  "is_fraud": false,
  "product_id": 367,
  "risk_level": "",
  "seller_id": 63,
  "timestamp": "2026-04-19T15:42:29-04:00"
}
{
  "fraud_probability": 0,
  "is_fraud": false,
  "product_id": 368,
  "risk_level": "",
  "seller_id": 3400,
  "timestamp": "2026-04-19T16:32:03-04:00"
}
{
  "fraud_probability": 0,
  "is_fraud": false,
  "product_id": 369,
  "risk_level": "",
  "seller_id": 3399,
  "timestamp": "2026-04-19T16:34:20-04:00"
}
{
  "fraud_probability": 0,
  "is_fraud": false,
  "product_id": 371,
  "risk_level": "",
  "seller_id": 3399,
  "timestamp": "2026-04-19T16:55:51-04:00"
}
{
  "fraud_probability": 0,
  "is_fraud": false,
  "product_id": 372,
  "risk_level": "",
  "seller_id": 3400,
  "timestamp": "2026-04-19T16:57:38-04:00"
}
{
  "fraud_probability": 0,
  "is_fraud": false,
  "product_id": 380,
  "risk_level": "",
  "seller_id": 3395,
  "timestamp": "2026-04-20T06:19:27+08:00"
}
{
  "fraud_probability": 0,
  "is_fraud": false,
  "product_id": 381,
  "risk_level": "",
  "seller_id": 3395,
  "timestamp": "2026-04-20T06:20:21+08:00"
}
{
  "fraud_probability": 0,
  "is_fraud": false,
  "product_id": 382,
  "risk_level": "",
  "seller_id": 3395,
  "timestamp": "2026-04-20T06:21:46+08:00"
}
{
  "fraud_probability": 0,
  "is_fraud": false,
  "product_id": 383,
  "risk_level": "",
  "seller_id": 3397,
  "timestamp": "2026-04-20T06:23:46+08:00"
}
{
  "fraud_probability": 0,
  "is_fraud": false,
  "product_id": 385,
  "risk_level": "",
  "seller_id": 3397,
  "timestamp": "2026-04-20T07:24:39+08:00"
}
{
  "fraud_probability": 0,
  "is_fraud": false,
  "product_id": 386,
  "risk_level": "",
  "seller_id": 3395,
  "timestamp": "2026-04-20T07:32:45+08:00"
}
{
  "fraud_probability": 0,
  "is_fraud": false,
  "product_id": 387,
  "risk_level": "",
  "seller_id": 3395,
  "timestamp": "2026-04-20T07:48:30+08:00"
}
{
  "fraud_probability": 0,
  "is_fraud": false,
  "product_id": 388,
  "risk_level": "",
  "seller_id": 3395,
  "timestamp": "2026-04-20T07:53:43+08:00"
}
{
  "fraud_probability": 0,
  "is_fraud": false,
  "product_id": 389,
  "risk_level": "",
  "seller_id": 3397,
  "timestamp": "2026-04-20T07:53:44+08:00"
}
{
  "fraud_probability": 0,
  "is_fraud": false,
  "product_id": 390,
  "risk_level": "",
  "seller_id": 3397,
  "timestamp": "2026-04-20T08:08:23+08:00"
}
{
  "fraud_probability": 0,
  "is_fraud": false,
  "product_id": 391,
  "risk_level": "",
  "seller_id": 3397,
  "timestamp": "2026-04-20T08:11:56+08:00"
}
{
  "fraud_probability": 0,
  "is_fraud": false,
  "product_id": 392,
  "risk_level": "",
  "seller_id": 3395,
  "timestamp": "2026-04-20T08:11:59+08:00"
}
{
  "fraud_probability": 0,
  "is_fraud": false,
  "product_id": 393,
  "risk_level": "",
  "seller_id": 3395,
  "timestamp": "2026-04-20T08:18:29+08:00"
}
{
  "fraud_probability": 0,
  "is_fraud": false,
  "product_id": 394,
  "risk_level": "",
  "seller_id": 3397,
  "timestamp": "2026-04-20T08:18:31+08:00"
}
{
  "fraud_probability": 0,
  "is_fraud": false,
  "product_id": 395,
  "risk_level": "",
  "seller_id": 3397,
  "timestamp": "2026-04-20T08:29:49+08:00"
}
{
  "fraud_probability": 0,
  "is_fraud": false,
  "product_id": 396,
  "risk_level": "",
  "seller_id": 3395,
  "timestamp": "2026-04-20T08:29:51+08:00"
}
{
  "fraud_probability": 0,
  "is_fraud": false,
  "product_id": 427,
  "risk_level": "",
  "seller_id": 3392,
  "timestamp": "2026-04-20T14:14:54-04:00"
}
{
  "fraud_probability": 0,
  "is_fraud": false,
  "product_id": 428,
  "risk_level": "",
  "seller_id": 3400,
  "timestamp": "2026-04-20T15:15:31-04:00"
}
{
  "fraud_probability": 0,
  "is_fraud": false,
  "product_id": 430,
  "risk_level": "",
  "seller_id": 3400,
  "timestamp": "2026-04-20T17:56:31-04:00"
}
{
  "fraud_probability": 0,
  "is_fraud": false,
  "product_id": 431,
  "risk_level": "",
  "seller_id": 3392,
  "timestamp": "2026-04-20T17:57:19-04:00"
}
{
  "fraud_probability": 0,
  "is_fraud": false,
  "product_id": 432,
  "risk_level": "",
  "seller_id": 3392,
  "timestamp": "2026-04-20T18:12:18-04:00"
}
{
  "fraud_probability": 0,
  "is_fraud": false,
  "product_id": 433,
  "risk_level": "",
  "seller_id": 3400,
  "timestamp": "2026-04-20T18:13:28-04:00"
}
{
  "fraud_probability": 0,
  "is_fraud": false,
  "product_id": 434,
  "risk_level": "",
  "seller_id": 3400,
  "timestamp": "2026-04-20T19:56:42-04:00"
}
{
  "fraud_probability": 0,
  "is_fraud": false,
  "product_id": 435,
  "risk_level": "",
  "seller_id": 3392,
  "timestamp": "2026-04-20T19:57:39-04:00"
}
{
  "fraud_probability": 0,
  "is_fraud": false,
  "product_id": 436,
  "risk_level": "",
  "seller_id": 3400,
  "timestamp": "2026-04-20T20:26:05-04:00"
}
{
  "fraud_probability": 0,
  "is_fraud": false,
  "product_id": 437,
  "risk_level": "",
  "seller_id": 3392,
  "timestamp": "2026-04-20T20:26:43-04:00"
}
{
  "fraud_probability": 0,
  "is_fraud": false,
  "product_id": 438,
  "risk_level": "",
  "seller_id": 3392,
  "timestamp": "2026-04-20T21:34:53-04:00"
}
{
  "fraud_probability": 0,
  "is_fraud": false,
  "product_id": 439,
  "risk_level": "",
  "seller_id": 3399,
  "timestamp": "2026-04-20T21:36:07-04:00"
}
{
  "fraud_probability": 0,
  "is_fraud": false,
  "product_id": 440,
  "risk_level": "",
  "seller_id": 3400,
  "timestamp": "2026-04-20T21:36:58-04:00"
}
{
  "fraud_probability": 0,
  "is_fraud": false,
  "product_id": 441,
  "risk_level": "",
  "seller_id": 3400,
  "timestamp": "2026-04-20T21:53:23-04:00"
}
{
  "fraud_probability": 0,
  "is_fraud": false,
  "product_id": 442,
  "risk_level": "",
  "seller_id": 3399,
  "timestamp": "2026-04-20T21:54:01-04:00"
}
{
  "fraud_probability": 0,
  "is_fraud": false,
  "product_id": 477,
  "risk_level": "",
  "seller_id": 3392,
  "timestamp": "2026-04-21T14:30:48-04:00"
}
{
  "fraud_probability": 0,
  "is_fraud": false,
  "product_id": 478,
  "risk_level": "",
  "seller_id": 3392,
  "timestamp": "2026-04-21T14:32:09-04:00"
}
{
  "fraud_probability": 0,
  "is_fraud": false,
  "product_id": 479,
  "risk_level": "",
  "seller_id": 3392,
  "timestamp": "2026-04-21T14:36:07-04:00"
}
{
  "fraud_probability": 0,
  "is_fraud": false,
  "product_id": 480,
  "risk_level": "",
  "seller_id": 3392,
  "timestamp": "2026-04-21T14:53:19-04:00"
}
{
  "fraud_probability": 0,
  "is_fraud": false,
  "product_id": 540,
  "risk_level": "",
  "seller_id": 3392,
  "timestamp": "2026-04-22T07:18:45-04:00"
}
{
  "fraud_probability": 0,
  "is_fraud": false,
  "product_id": 549,
  "risk_level": "",
  "seller_id": 3399,
  "timestamp": "2026-04-23T04:10:43+08:00"
}
{
  "fraud_probability": 0,
  "is_fraud": false,
  "product_id": 550,
  "risk_level": "",
  "seller_id": 3399,
  "timestamp": "2026-04-23T04:13:58+08:00"
}
{
  "fraud_probability": 0,
  "is_fraud": false,
  "product_id": 551,
  "risk_level": "",
  "seller_id": 3399,
  "timestamp": "2026-04-23T04:24:12+08:00"
}
